[enftx-html.vercel.app/index.html]
[backblue.gif]
[fade.gif]
[index.html]
[enftx-html.vercel.app/images/favicon.png]
[enftx-html.vercel.app/css/style.css]
[enftx-html.vercel.app/images/logoi.png]
[enftx-html.vercel.app/images/avatar/9.jpg]
[enftx-html.vercel.app/images/profile/3.png]
[enftx-html.vercel.app/profile.html]
[enftx-html.vercel.app/wallet.html]
[enftx-html.vercel.app/settings-profile.html]
[enftx-html.vercel.app/settings-activity.html]
[enftx-html.vercel.app/lock.html]
[enftx-html.vercel.app/signin.html]
[enftx-html.vercel.app/index-2.html]
[enftx-html.vercel.app/bids.html]
[enftx-html.vercel.app/saved.html]
[enftx-html.vercel.app/collection.html]
[enftx-html.vercel.app/images/items/11.jpg]
[enftx-html.vercel.app/images/avatar/1.jpg]
[enftx-html.vercel.app/images/items/1.jpg]
[enftx-html.vercel.app/images/items/2.jpg]
[enftx-html.vercel.app/images/avatar/2.jpg]
[enftx-html.vercel.app/images/items/3.jpg]
[enftx-html.vercel.app/images/avatar/3.jpg]
[enftx-html.vercel.app/images/items/4.jpg]
[enftx-html.vercel.app/images/avatar/4.jpg]
[enftx-html.vercel.app/images/items/5.jpg]
[enftx-html.vercel.app/images/avatar/5.jpg]
[enftx-html.vercel.app/images/items/6.jpg]
[enftx-html.vercel.app/images/avatar/6.jpg]
[enftx-html.vercel.app/images/items/7.jpg]
[enftx-html.vercel.app/images/avatar/7.jpg]
[enftx-html.vercel.app/images/items/8.jpg]
[enftx-html.vercel.app/images/avatar/8.jpg]
[enftx-html.vercel.app/images/items/15.jpg]
[enftx-html.vercel.app/images/items/16.jpg]
[enftx-html.vercel.app/images/items/17.jpg]
[enftx-html.vercel.app/images/items/18.jpg]
[enftx-html.vercel.app/vendor/jquery/jquery.min.js]
[enftx-html.vercel.app/vendor/bootstrap/js/bootstrap.bundle.min.js]
[enftx-html.vercel.app/vendor/chartjs/chart.bundle.min.js]
[enftx-html.vercel.app/js/plugins/chartjs-line-init.js]
[enftx-html.vercel.app/js/plugins/chartjs-donut.js]
[enftx-html.vercel.app/index.html]
[enftx-html.vercel.app/js/scripts.js]
[enftx-html.vercel.app/icons/bootstrap-icons/bootstrap-icons.css]
[enftx-html.vercel.app/icons/remix-icon/remixicon.css]
[enftx-html.vercel.app/images/bg/6.jpg]
[enftx-html.vercel.app/css/style.css]
[enftx-html.vercel.app/images/bg/promo.png]
[enftx-html.vercel.app/profile.html]
[enftx-html.vercel.app/images/items/item_1.png]
[enftx-html.vercel.app/images/cc/visa.png]
[enftx-html.vercel.app/images/cc/payoneer.png]
[enftx-html.vercel.app/wallet.html]
[enftx-html.vercel.app/settings-application.html]
[enftx-html.vercel.app/settings-security.html]
[enftx-html.vercel.app/settings-payment-method.html]
[enftx-html.vercel.app/settings-profile.html]
[enftx-html.vercel.app/settings-activity.html]
[enftx-html.vercel.app/settings-api.html]
[enftx-html.vercel.app/images/logo.png]
[enftx-html.vercel.app/lock.html]
[enftx-html.vercel.app/reset]
[enftx-html.vercel.app/signin.html]
[enftx-html.vercel.app/index-2.html]
[enftx-html.vercel.app/signup.html]
[enftx-html.vercel.app/create-invoice]
[enftx-html.vercel.app/bids.html]
[enftx-html.vercel.app/images/items/9.jpg]
[enftx-html.vercel.app/images/items/10.jpg]
[enftx-html.vercel.app/images/avatar/10.jpg]
[enftx-html.vercel.app/images/avatar/11.jpg]
[enftx-html.vercel.app/images/items/12.jpg]
[enftx-html.vercel.app/images/avatar/12.jpg]
[enftx-html.vercel.app/images/items/13.jpg]
[enftx-html.vercel.app/images/avatar/13.jpg]
[enftx-html.vercel.app/images/items/14.jpg]
[enftx-html.vercel.app/images/avatar/14.jpg]
[enftx-html.vercel.app/images/avatar/15.jpg]
[enftx-html.vercel.app/images/avatar/16.jpg]
[enftx-html.vercel.app/saved.html]
[enftx-html.vercel.app/images/avatar/17.jpg]
[enftx-html.vercel.app/images/avatar/18.jpg]
[enftx-html.vercel.app/images/items/19.jpg]
[enftx-html.vercel.app/images/avatar/19.jpg]
[enftx-html.vercel.app/images/items/20.jpg]
[enftx-html.vercel.app/images/avatar/20.jpg]
[enftx-html.vercel.app/collection.html]
[enftx-html.vercel.app/icons/bootstrap-icons/fonts/bootstrap-iconsd4f0.woff]
[enftx-html.vercel.app/icons/bootstrap-icons/fonts/bootstrap-iconsd4f0.woff2]
[enftx-html.vercel.app/icons/bootstrap-icons/bootstrap-icons.css]
[enftx-html.vercel.app/icons/remix-icon/fonts/remixicondf6d.woff2]
[enftx-html.vercel.app/icons/remix-icon/fonts/remixicondf6d.eot]
[enftx-html.vercel.app/icons/remix-icon/fonts/remixicondf6d.woff]
[enftx-html.vercel.app/icons/remix-icon/fonts/remixicondf6d.ttf]
[enftx-html.vercel.app/icons/remix-icon/remixicon.css]
[enftx-html.vercel.app/images/bg/6.html]
[enftx-html.vercel.app/images/items/item_1.html]
[enftx-html.vercel.app/settings-application.html]
[enftx-html.vercel.app/settings-security.html]
[enftx-html.vercel.app/settings-payment-method.html]
[enftx-html.vercel.app/settings-api.html]
[enftx-html.vercel.app/reset.html]
[enftx-html.vercel.app/icons/remix-icon/fonts/remixicondf6d.svg]
[enftx-html.vercel.app/signin]
[enftx-html.vercel.app/signup]
[enftx-html.vercel.app/signup.html]
[enftx-html.vercel.app/create-invoice.html]
[enftx-html.vercel.app/images/avatar/13.html]
[enftx-html.vercel.app/images/avatar/14.html]
[enftx-html.vercel.app/images/avatar/15.html]
[enftx-html.vercel.app/images/avatar/16.html]
[enftx-html.vercel.app/images/avatar/17.html]
[enftx-html.vercel.app/images/avatar/18.html]
[enftx-html.vercel.app/images/avatar/19.html]
[enftx-html.vercel.app/images/avatar/20.html]
[enftx-html.vercel.app/icons/remix-icon/fonts/remixicondf6d.svg]
[enftx-html.vercel.app/signin-2.html]
[enftx-html.vercel.app/signup-2.html]
